/home/mopuser/earv-research/starts-example/.starts/weaved-specs/URLEncoder_EncodeUTF8MonitorAspect.aj
/home/mopuser/earv-research/starts-example/.starts/weaved-specs/Thread_StartOnceMonitorAspect.aj
/home/mopuser/earv-research/starts-example/.starts/weaved-specs/Object_MonitorOwnerMonitorAspect.aj
/home/mopuser/earv-research/starts-example/.starts/weaved-specs/Console_FillZeroPasswordMonitorAspect.aj
/home/mopuser/earv-research/starts-example/.starts/weaved-specs/PipedInputStream_UnconnectedReadMonitorAspect.aj
/home/mopuser/earv-research/starts-example/.starts/weaved-specs/CharSequence_NotInSetMonitorAspect.aj
/home/mopuser/earv-research/starts-example/.starts/weaved-specs/Map_ItselfAsValueMonitorAspect.aj
/home/mopuser/earv-research/starts-example/.starts/weaved-specs/Serializable_NoArgConstructorMonitorAspect.aj
/home/mopuser/earv-research/starts-example/.starts/weaved-specs/Closeable_MeaninglessCloseMonitorAspect.aj
/home/mopuser/earv-research/starts-example/.starts/weaved-specs/Map_UnsafeIteratorMonitorAspect.aj
/home/mopuser/earv-research/starts-example/.starts/weaved-specs/TreeMap_ComparableMonitorAspect.aj
/home/mopuser/earv-research/starts-example/.starts/weaved-specs/Math_ContendedRandomMonitorAspect.aj
/home/mopuser/earv-research/starts-example/.starts/weaved-specs/System_WrongKeyOrValueMonitorAspect.aj
/home/mopuser/earv-research/starts-example/.starts/weaved-specs/Arrays_DeepHashCodeMonitorAspect.aj
/home/mopuser/earv-research/starts-example/.starts/weaved-specs/Appendable_ThreadSafeMonitorAspect.aj
/home/mopuser/earv-research/starts-example/.starts/weaved-specs/ShutdownHook_UnsafeAWTCallMonitorAspect.aj
/home/mopuser/earv-research/starts-example/.starts/weaved-specs/CharSequence_NotInMapMonitorAspect.aj
/home/mopuser/earv-research/starts-example/.starts/weaved-specs/ArrayDeque_UnsafeIteratorMonitorAspect.aj
/home/mopuser/earv-research/starts-example/.starts/weaved-specs/ListIterator_hasNextPreviousMonitorAspect.aj
/home/mopuser/earv-research/starts-example/.starts/weaved-specs/PasswordAuthentication_FillZeroPasswordMonitorAspect.aj
/home/mopuser/earv-research/starts-example/.starts/weaved-specs/URL_SetURLStreamHandlerFactoryMonitorAspect.aj
/home/mopuser/earv-research/starts-example/.starts/weaved-specs/InputStream_MarkAfterCloseMonitorAspect.aj
/home/mopuser/earv-research/starts-example/.starts/weaved-specs/ProcessBuilder_NullKeyOrValueMonitorAspect.aj
/home/mopuser/earv-research/starts-example/.starts/weaved-specs/URLConnection_SetBeforeConnectMonitorAspect.aj
/home/mopuser/earv-research/starts-example/.starts/weaved-specs/Arrays_ComparableMonitorAspect.aj
/home/mopuser/earv-research/starts-example/.starts/weaved-specs/Closeable_MultipleCloseMonitorAspect.aj
/home/mopuser/earv-research/starts-example/.starts/weaved-specs/Collections_ImplementComparableMonitorAspect.aj
/home/mopuser/earv-research/starts-example/.starts/weaved-specs/InputStream_MarkResetMonitorAspect.aj
/home/mopuser/earv-research/starts-example/.starts/weaved-specs/SortedSet_ComparableMonitorAspect.aj
/home/mopuser/earv-research/starts-example/.starts/weaved-specs/Reader_ManipulateAfterCloseMonitorAspect.aj
/home/mopuser/earv-research/starts-example/.starts/weaved-specs/URLConnection_ConnectMonitorAspect.aj
/home/mopuser/earv-research/starts-example/.starts/weaved-specs/Iterator_RemoveOnceMonitorAspect.aj
/home/mopuser/earv-research/starts-example/.starts/weaved-specs/RandomAccessFile_ManipulateAfterCloseMonitorAspect.aj
/home/mopuser/earv-research/starts-example/.starts/weaved-specs/Console_CloseWriterMonitorAspect.aj
/home/mopuser/earv-research/starts-example/.starts/weaved-specs/ServerSocket_PerformancePreferencesMonitorAspect.aj
/home/mopuser/earv-research/starts-example/.starts/weaved-specs/NetPermission_NameMonitorAspect.aj
/home/mopuser/earv-research/starts-example/.starts/weaved-specs/Character_ValidateCharMonitorAspect.aj
/home/mopuser/earv-research/starts-example/.starts/weaved-specs/ServerSocket_BacklogMonitorAspect.aj
/home/mopuser/earv-research/starts-example/.starts/weaved-specs/Collections_SynchronizedMapMonitorAspect.aj
/home/mopuser/earv-research/starts-example/.starts/weaved-specs/Socket_ReuseAddressMonitorAspect.aj
/home/mopuser/earv-research/starts-example/.starts/weaved-specs/OutputStream_ManipulateAfterCloseMonitorAspect.aj
/home/mopuser/earv-research/starts-example/.starts/weaved-specs/Enum_NoExtraWhiteSpaceMonitorAspect.aj
/home/mopuser/earv-research/starts-example/.starts/weaved-specs/ShutdownHook_UnsafeSwingCallMonitorAspect.aj
/home/mopuser/earv-research/starts-example/.starts/weaved-specs/Iterator_HasNextMonitorAspect.aj
/home/mopuser/earv-research/starts-example/.starts/weaved-specs/Collections_CopySizeMonitorAspect.aj
/home/mopuser/earv-research/starts-example/.starts/weaved-specs/StreamTokenizer_AccessInvalidFieldMonitorAspect.aj
/home/mopuser/earv-research/starts-example/.starts/weaved-specs/ServiceLoader_MultipleConcurrentThreadsMonitorAspect.aj
/home/mopuser/earv-research/starts-example/.starts/weaved-specs/URLConnection_OverrideGetPermissionMonitorAspect.aj
/home/mopuser/earv-research/starts-example/.starts/weaved-specs/URLDecoder_DecodeUTF8MonitorAspect.aj
/home/mopuser/earv-research/starts-example/.starts/weaved-specs/InputStream_UnmarkedResetMonitorAspect.aj
/home/mopuser/earv-research/starts-example/.starts/weaved-specs/Collections_ComparableMonitorAspect.aj
/home/mopuser/earv-research/starts-example/.starts/weaved-specs/Socket_TrafficClassMonitorAspect.aj
/home/mopuser/earv-research/starts-example/.starts/weaved-specs/EnumSet_NonNullMonitorAspect.aj
/home/mopuser/earv-research/starts-example/.starts/weaved-specs/Comparable_CompareToNullExceptionMonitorAspect.aj
/home/mopuser/earv-research/starts-example/.starts/weaved-specs/InetSocketAddress_PortMonitorAspect.aj
/home/mopuser/earv-research/starts-example/.starts/weaved-specs/InputStream_ManipulateAfterCloseMonitorAspect.aj
/home/mopuser/earv-research/starts-example/.starts/weaved-specs/ServerSocket_TimeoutMonitorAspect.aj
/home/mopuser/earv-research/starts-example/.starts/weaved-specs/ServerSocket_ReuseAddressMonitorAspect.aj
/home/mopuser/earv-research/starts-example/.starts/weaved-specs/Console_CloseReaderMonitorAspect.aj
/home/mopuser/earv-research/starts-example/.starts/weaved-specs/Byte_BadDecodeArgMonitorAspect.aj
/home/mopuser/earv-research/starts-example/.starts/weaved-specs/Collections_UnnecessaryNewSetFromMapMonitorAspect.aj
/home/mopuser/earv-research/starts-example/.starts/weaved-specs/Vector_InsertIndexMonitorAspect.aj
/home/mopuser/earv-research/starts-example/.starts/weaved-specs/SecurityManager_PermissionMonitorAspect.aj
/home/mopuser/earv-research/starts-example/.starts/weaved-specs/Socket_CloseOutputMonitorAspect.aj
/home/mopuser/earv-research/starts-example/.starts/weaved-specs/ShutdownHook_LateRegisterMonitorAspect.aj
/home/mopuser/earv-research/starts-example/.starts/weaved-specs/Long_BadParsingArgsMonitorAspect.aj
/home/mopuser/earv-research/starts-example/.starts/weaved-specs/RuntimePermission_NullActionMonitorAspect.aj
/home/mopuser/earv-research/starts-example/.starts/weaved-specs/Map_ItselfAsKeyMonitorAspect.aj
/home/mopuser/earv-research/starts-example/.starts/weaved-specs/Socket_LargeReceiveBufferMonitorAspect.aj
/home/mopuser/earv-research/starts-example/.starts/weaved-specs/InetAddress_IsReachableMonitorAspect.aj
/home/mopuser/earv-research/starts-example/.starts/weaved-specs/Collection_UnsafeIteratorMonitorAspect.aj
/home/mopuser/earv-research/starts-example/.starts/weaved-specs/Throwable_InitCauseOnceMonitorAspect.aj
/home/mopuser/earv-research/starts-example/.starts/weaved-specs/Short_BadParsingArgsMonitorAspect.aj
/home/mopuser/earv-research/starts-example/.starts/weaved-specs/Byte_BadParsingArgsMonitorAspect.aj
/home/mopuser/earv-research/starts-example/.starts/weaved-specs/StrictMath_ContendedRandomMonitorAspect.aj
/home/mopuser/earv-research/starts-example/.starts/weaved-specs/StringTokenizer_HasMoreElementsMonitorAspect.aj
/home/mopuser/earv-research/starts-example/.starts/weaved-specs/Socket_SetTimeoutBeforeBlockingInputMonitorAspect.aj
/home/mopuser/earv-research/starts-example/.starts/weaved-specs/MulticastSocket_TTLMonitorAspect.aj
/home/mopuser/earv-research/starts-example/.starts/weaved-specs/Socket_TimeoutMonitorAspect.aj
/home/mopuser/earv-research/starts-example/.starts/weaved-specs/System_NullArrayCopyMonitorAspect.aj
/home/mopuser/earv-research/starts-example/.starts/weaved-specs/Thread_SetDaemonBeforeStartMonitorAspect.aj
/home/mopuser/earv-research/starts-example/.starts/weaved-specs/ProcessBuilder_ThreadSafeMonitorAspect.aj
/home/mopuser/earv-research/starts-example/.starts/weaved-specs/ListIterator_RemoveOnceMonitorAspect.aj
/home/mopuser/earv-research/starts-example/.starts/weaved-specs/DatagramSocket_PortMonitorAspect.aj
/home/mopuser/earv-research/starts-example/.starts/weaved-specs/HttpCookie_NameMonitorAspect.aj
/home/mopuser/earv-research/starts-example/.starts/weaved-specs/ShutdownHook_PrematureStartMonitorAspect.aj
/home/mopuser/earv-research/starts-example/.starts/weaved-specs/Collections_NewSetFromMapMonitorAspect.aj
/home/mopuser/earv-research/starts-example/.starts/weaved-specs/String_UseStringBuilderMonitorAspect.aj
/home/mopuser/earv-research/starts-example/.starts/weaved-specs/Map_UnsynchronizedAddAllMonitorAspect.aj
/home/mopuser/earv-research/starts-example/.starts/weaved-specs/DatagramSocket_SoTimeoutMonitorAspect.aj
/home/mopuser/earv-research/starts-example/.starts/weaved-specs/Short_BadDecodeArgMonitorAspect.aj
/home/mopuser/earv-research/starts-example/.starts/weaved-specs/Long_BadDecodeArgMonitorAspect.aj
/home/mopuser/earv-research/starts-example/.starts/weaved-specs/InputStream_ReadAheadLimitMonitorAspect.aj
/home/mopuser/earv-research/starts-example/.starts/weaved-specs/BufferedInputStream_SynchronizedFillMonitorAspect.aj
/home/mopuser/earv-research/starts-example/.starts/weaved-specs/Writer_ManipulateAfterCloseMonitorAspect.aj
/home/mopuser/earv-research/starts-example/.starts/weaved-specs/NavigableMap_ModificationMonitorAspect.aj
/home/mopuser/earv-research/starts-example/.starts/weaved-specs/ResourceBundleControl_MutateFormatListMonitorAspect.aj
/home/mopuser/earv-research/starts-example/.starts/weaved-specs/PriorityQueue_NonComparableMonitorAspect.aj
/home/mopuser/earv-research/starts-example/.starts/weaved-specs/Map_CollectionViewAddMonitorAspect.aj
/home/mopuser/earv-research/starts-example/.starts/weaved-specs/ByteArrayOutputStream_FlushBeforeRetrieveMonitorAspect.aj
/home/mopuser/earv-research/starts-example/.starts/weaved-specs/NavigableMap_UnsafeIteratorMonitorAspect.aj
/home/mopuser/earv-research/starts-example/.starts/weaved-specs/ServiceLoaderIterator_RemoveMonitorAspect.aj
/home/mopuser/earv-research/starts-example/.starts/weaved-specs/Arrays_SortBeforeBinarySearchMonitorAspect.aj
/home/mopuser/earv-research/starts-example/.starts/weaved-specs/ContentHandler_GetContentMonitorAspect.aj
/home/mopuser/earv-research/starts-example/.starts/weaved-specs/ClassLoader_UnsafeClassDefinitionMonitorAspect.aj
/home/mopuser/earv-research/starts-example/.starts/weaved-specs/Socket_PerformancePreferencesMonitorAspect.aj
/home/mopuser/earv-research/starts-example/.starts/weaved-specs/Socket_ReuseSocketMonitorAspect.aj
/home/mopuser/earv-research/starts-example/.starts/weaved-specs/ArrayDeque_NonNullMonitorAspect.aj
/home/mopuser/earv-research/starts-example/.starts/weaved-specs/PipedOutputStream_UnconnectedWriteMonitorAspect.aj
/home/mopuser/earv-research/starts-example/.starts/weaved-specs/ObjectStreamClass_InitializeMonitorAspect.aj
/home/mopuser/earv-research/starts-example/.starts/weaved-specs/InvalidPropertiesFormatException_NonSerializableMonitorAspect.aj
/home/mopuser/earv-research/starts-example/.starts/weaved-specs/StringBuilder_ThreadSafeMonitorAspect.aj
/home/mopuser/earv-research/starts-example/.starts/weaved-specs/PriorityQueue_NonNullMonitorAspect.aj
/home/mopuser/earv-research/starts-example/.starts/weaved-specs/NavigableSet_ModificationMonitorAspect.aj
/home/mopuser/earv-research/starts-example/.starts/weaved-specs/Collection_HashCodeMonitorAspect.aj
/home/mopuser/earv-research/starts-example/.starts/weaved-specs/RuntimePermission_PermNameMonitorAspect.aj
/home/mopuser/earv-research/starts-example/.starts/weaved-specs/DatagramPacket_SetLengthMonitorAspect.aj
/home/mopuser/earv-research/starts-example/.starts/weaved-specs/Socket_InputStreamUnavailableMonitorAspect.aj
/home/mopuser/earv-research/starts-example/.starts/weaved-specs/CharSequence_UndefinedHashCodeMonitorAspect.aj
/home/mopuser/earv-research/starts-example/.starts/weaved-specs/DatagramPacket_LengthMonitorAspect.aj
/home/mopuser/earv-research/starts-example/.starts/weaved-specs/Deque_OfferRatherThanAddMonitorAspect.aj
/home/mopuser/earv-research/starts-example/.starts/weaved-specs/Integer_BadDecodeArgMonitorAspect.aj
/home/mopuser/earv-research/starts-example/.starts/weaved-specs/Object_NoCloneMonitorAspect.aj
/home/mopuser/earv-research/starts-example/.starts/weaved-specs/Socket_OutputStreamUnavailableMonitorAspect.aj
/home/mopuser/earv-research/starts-example/.starts/weaved-specs/Reader_MarkResetMonitorAspect.aj
/home/mopuser/earv-research/starts-example/.starts/weaved-specs/List_UnsynchronizedSubListMonitorAspect.aj
/home/mopuser/earv-research/starts-example/.starts/weaved-specs/IDN_ToAsciiMonitorAspect.aj
/home/mopuser/earv-research/starts-example/.starts/weaved-specs/Socket_SetTimeoutBeforeBlockingOutputMonitorAspect.aj
/home/mopuser/earv-research/starts-example/.starts/weaved-specs/Collection_UnsynchronizedAddAllMonitorAspect.aj
/home/mopuser/earv-research/starts-example/.starts/weaved-specs/Comparable_CompareToNullMonitorAspect.aj
/home/mopuser/earv-research/starts-example/.starts/weaved-specs/Properties_ManipulateAfterLoadMonitorAspect.aj
/home/mopuser/earv-research/starts-example/.starts/weaved-specs/Random_OverrideNextMonitorAspect.aj
/home/mopuser/earv-research/starts-example/.starts/weaved-specs/ServerSocket_PortMonitorAspect.aj
/home/mopuser/earv-research/starts-example/.starts/weaved-specs/Scanner_SearchAfterCloseMonitorAspect.aj
/home/mopuser/earv-research/starts-example/.starts/weaved-specs/ServerSocket_SetTimeoutBeforeBlockingMonitorAspect.aj
/home/mopuser/earv-research/starts-example/.starts/weaved-specs/File_LengthOnDirectoryMonitorAspect.aj
/home/mopuser/earv-research/starts-example/.starts/weaved-specs/SocketPermission_ActionsMonitorAspect.aj
/home/mopuser/earv-research/starts-example/.starts/weaved-specs/Set_ItselfAsElementMonitorAspect.aj
/home/mopuser/earv-research/starts-example/.starts/weaved-specs/Reader_ReadAheadLimitMonitorAspect.aj
/home/mopuser/earv-research/starts-example/.starts/weaved-specs/SocketImpl_CloseOutputMonitorAspect.aj
/home/mopuser/earv-research/starts-example/.starts/weaved-specs/HttpCookie_DomainMonitorAspect.aj
/home/mopuser/earv-research/starts-example/.starts/weaved-specs/HttpURLConnection_SetBeforeConnectMonitorAspect.aj
/home/mopuser/earv-research/starts-example/.starts/weaved-specs/List_UnsafeListIteratorMonitorAspect.aj
/home/mopuser/earv-research/starts-example/.starts/weaved-specs/NetPermission_ActionsMonitorAspect.aj
/home/mopuser/earv-research/starts-example/.starts/weaved-specs/Runnable_OverrideRunMonitorAspect.aj
/home/mopuser/earv-research/starts-example/.starts/weaved-specs/Scanner_ManipulateAfterCloseMonitorAspect.aj
/home/mopuser/earv-research/starts-example/.starts/weaved-specs/Reader_UnmarkedResetMonitorAspect.aj
/home/mopuser/earv-research/starts-example/.starts/weaved-specs/Socket_CloseInputMonitorAspect.aj
/home/mopuser/earv-research/starts-example/.starts/weaved-specs/EnumMap_NonNullMonitorAspect.aj
/home/mopuser/earv-research/starts-example/.starts/weaved-specs/Dictionary_NullKeyOrValueMonitorAspect.aj
/home/mopuser/earv-research/starts-example/.starts/weaved-specs/Authenticator_OverrideGetPasswordAuthenticationMonitorAspect.aj
/home/mopuser/earv-research/starts-example/.starts/weaved-specs/ShutdownHook_SystemExitMonitorAspect.aj
/home/mopuser/earv-research/starts-example/.starts/weaved-specs/DatagramSocket_TrafficClassMonitorAspect.aj
/home/mopuser/earv-research/starts-example/.starts/weaved-specs/Collections_SynchronizedCollectionMonitorAspect.aj
/home/mopuser/earv-research/starts-example/.starts/weaved-specs/Arrays_MutuallyComparableMonitorAspect.aj
/home/mopuser/earv-research/starts-example/.starts/weaved-specs/PipedStream_SingleThreadMonitorAspect.aj
/home/mopuser/earv-research/starts-example/.starts/weaved-specs/PushbackInputStream_UnreadAheadLimitMonitorAspect.aj
/home/mopuser/earv-research/starts-example/.starts/weaved-specs/Collections_SortBeforeBinarySearchMonitorAspect.aj
/home/mopuser/earv-research/starts-example/.starts/weaved-specs/ListIterator_SetMonitorAspect.aj
/home/mopuser/earv-research/starts-example/.starts/weaved-specs/ServerSocket_LargeReceiveBufferMonitorAspect.aj
/home/mopuser/earv-research/starts-example/.starts/weaved-specs/TreeSet_ComparableMonitorAspect.aj
